
> vite_react_shadcn_ts@0.0.2 build
> vite build

[36mvite v5.4.21 [32mbuilding for production...[36m[39m
transforming...
[32m✓[39m 3821 modules transformed.
rendering chunks...
node.exe : [1m[33m[plugin:vite:reporter][39m[22m [33m[plugin 
vite:reporter] 
At line:1 char:1
+ & "C:\Program Files\nodejs/node.exe" "C:\Users\korri\AppData\Roaming\ ...
+ ~~~~~~~~~~~~~~~~~~~~~~~~~~~~~~~~~~~~~~~~~~~~~~~~~~~~~~~~~~~~~~~~~~~~~
    + CategoryInfo          : NotSpecified: ([1m[33m[plugi...vite:reporter]  
   :String) [], RemoteException
    + FullyQualifiedErrorId : NativeCommandError
 
(!) C:/Users/korri/OneDrive/Desktop/KENYA-REALTORS-main/src/services/technician
Service.ts is dynamically imported by C:/Users/korri/OneDrive/Desktop/KENYA-REA
LTORS-main/src/components/portal/super-admin/UserManagementNew.tsx but also 
statically imported by C:/Users/korri/OneDrive/Desktop/KENYA-REALTORS-main/src/
components/portal/caretaker/CaretakerMaintenance.tsx, C:/Users/korri/OneDrive/D
esktop/KENYA-REALTORS-main/src/components/portal/technician/TechnicianDashboard
.tsx, C:/Users/korri/OneDrive/Desktop/KENYA-REALTORS-main/src/components/portal
/technician/TechnicianJobs.tsx, C:/Users/korri/OneDrive/Desktop/KENYA-REALTORS-
main/src/components/portal/technician/TechnicianProfile.tsx, dynamic import 
will not move module into another chunk.
[39m
computing gzip size...
[2mdist/[22m[32mindex.html                          [39m[1m[2m   11.40 kB[22m[1m[22m[2m │ gzip:   3.47 kB[22m
[2mdist/[22m[35massets/index-DLgF3jMb.css           [39m[1m[2m  226.72 kB[22m[1m[22m[2m │ gzip:  31.79 kB[22m
[2mdist/[22m[36massets/databaseSetup-4XFCb0ko.js    [39m[1m[2m    1.77 kB[22m[1m[22m[2m │ gzip:   0.78 kB[22m
[2mdist/[22m[36massets/purify.es-BwoZCkIS.js        [39m[1m[2m   22.03 kB[22m[1m[22m[2m │ gzip:   8.77 kB[22m
[2mdist/[22m[36massets/index.es-B-XvUKwU.js         [39m[1m[2m  150.83 kB[22m[1m[22m[2m │ gzip:  51.55 kB[22m
[2mdist/[22m[36massets/vendor-B9Y32e-U.js           [39m[1m[2m  163.48 kB[22m[1m[22m[2m │ gzip:  53.28 kB[22m
[2mdist/[22m[36massets/supabase-CYSOOhD5.js         [39m[1m[2m  173.46 kB[22m[1m[22m[2m │ gzip:  45.77 kB[22m
[2mdist/[22m[36massets/html2canvas.esm-CBrSDip1.js  [39m[1m[2m  201.42 kB[22m[1m[22m[2m │ gzip:  48.03 kB[22m
[2mdist/[22m[36massets/index-DhNEX0SI.js            [39m[1m[33m3,279.96 kB[39m[22m[2m │ gzip: 840.06 kB[22m
[33m
(!) Some chunks are larger than 500 kB after minification. Consider:
- Using dynamic import() to code-split the application
- Use build.rollupOptions.output.manualChunks to improve chunking: 
https://rollupjs.org/configuration-options/#output-manualchunks
- Adjust chunk size limit for this warning via 
build.chunkSizeWarningLimit.[39m
[32m✓ built in 34.39s[39m
