src/components/auth/RegisterForm.tsx(66,9): error TS2353: Object literal may only specify known properties, and 'phone' does not exist in type '{ full_name: string; }'.
src/components/database/MigrationRunner.tsx(136,30): error TS2322: Type '"success" | "destructive"' is not assignable to type '"default" | "destructive" | "outline" | "secondary"'.
  Type '"success"' is not assignable to type '"default" | "destructive" | "outline" | "secondary"'.
src/components/Hero.tsx(798,34): error TS2552: Cannot find name 'navigate'. Did you mean 'navigator'?
src/components/portal/accountant/AccountingDashboard.tsx(74,13): error TS2554: Expected 2 arguments, but got 1.
src/components/portal/accountant/AccountingDashboard.tsx(84,13): error TS2554: Expected 2 arguments, but got 1.
src/components/portal/caretaker/CaretakerDuties.tsx(732,41): error TS2339: Property 'trim' does not exist on type 'never'.
src/components/portal/caretaker/CaretakerDuties.tsx(736,37): error TS2339: Property 'trim' does not exist on type 'never'.
src/components/portal/caretaker/CaretakerReports.tsx(616,33): error TS2339: Property 'property' does not exist on type 'DutyWithUI'.
src/components/portal/caretaker/CaretakerReports.tsx(618,37): error TS2339: Property 'property' does not exist on type 'DutyWithUI'.
src/components/portal/manager/ManagerApplications.tsx(180,14): error TS2339: Property 'applicant_name' does not exist on type 'LeaseApplication'.
src/components/portal/manager/ManagerApplications.tsx(181,14): error TS2551: Property 'applicant_email' does not exist on type 'LeaseApplication'. Did you mean 'applicant_id'?
src/components/portal/manager/ManagerApplications.tsx(182,18): error TS2339: Property 'email' does not exist on type '{}'.
src/components/portal/manager/ManagerApplications.tsx(183,15): error TS2339: Property 'unit_name' does not exist on type '{}'.
src/components/portal/manager/ManagerApplications.tsx(298,28): error TS2339: Property 'applicant_name' does not exist on type 'LeaseApplication'.
src/components/portal/manager/ManagerApplications.tsx(303,35): error TS2551: Property 'applicant_email' does not exist on type 'LeaseApplication'. Did you mean 'applicant_id'?
src/components/portal/manager/ManagerApplications.tsx(305,32): error TS2339: Property 'telephone_numbers' does not exist on type 'LeaseApplication'.
src/components/portal/manager/ManagerApplications.tsx(308,38): error TS2339: Property 'telephone_numbers' does not exist on type 'LeaseApplication'.
src/components/portal/manager/ManagerLeases.tsx(156,15): error TS2322: Type 'Element' is not assignable to type 'string'.
src/components/portal/manager/ManagerMessages.tsx(190,21): error TS2322: Type 'Element' is not assignable to type 'string'.
src/components/portal/super-admin/SuperAdminApplications.tsx(240,14): error TS2339: Property 'applicant_name' does not exist on type 'LeaseApplication'.
src/components/portal/super-admin/SuperAdminApplications.tsx(241,14): error TS2551: Property 'applicant_email' does not exist on type 'LeaseApplication'. Did you mean 'applicant_id'?
src/components/portal/super-admin/SuperAdminApplications.tsx(242,18): error TS2339: Property 'email' does not exist on type '{}'.
src/components/portal/super-admin/SuperAdminApplications.tsx(243,15): error TS2339: Property 'unit_name' does not exist on type '{}'.
src/components/portal/super-admin/SuperAdminApplications.tsx(358,28): error TS2339: Property 'applicant_name' does not exist on type 'LeaseApplication'.
src/components/portal/super-admin/SuperAdminApplications.tsx(363,35): error TS2551: Property 'applicant_email' does not exist on type 'LeaseApplication'. Did you mean 'applicant_id'?
src/components/portal/super-admin/SuperAdminApplications.tsx(365,32): error TS2339: Property 'telephone_numbers' does not exist on type 'LeaseApplication'.
src/components/portal/super-admin/SuperAdminApplications.tsx(368,38): error TS2339: Property 'telephone_numbers' does not exist on type 'LeaseApplication'.
src/components/portal/super-admin/UtilityReadingsPaymentTracker.tsx(206,25): error TS2339: Property 'unit' does not exist on type '{ id: any; unit_number: any; tenant_name: any; reading_month: any; previous_reading: any; current_reading: any; electricity_rate: any; electricity_usage: number; electricity_bill: number; water_previous_reading: any; ... 11 more ...; reading_status: any; }'.
src/components/portal/super-admin/UtilityReadingsPaymentTracker.tsx(206,73): error TS2339: Property 'unit' does not exist on type '{ id: any; unit_number: any; tenant_name: any; reading_month: any; previous_reading: any; current_reading: any; electricity_rate: any; electricity_usage: number; electricity_bill: number; water_previous_reading: any; ... 11 more ...; reading_status: any; }'.
src/components/ProtectedRoute.tsx(77,11): error TS2367: This comparison appears to be unintentional because the types '"tenant" | "property_manager" | "super_admin" | "owner" | "technician" | "proprietor" | "caretaker" | "accountant"' and '"admin"' have no overlap.
src/components/ProtectedRoute.tsx(91,7): error TS2322: Type '"admin"' is not assignable to type '"tenant" | "property_manager" | "super_admin" | "owner" | "technician" | "proprietor" | "caretaker" | "accountant"'.
src/hooks/useDashboardAnalytics.tsx(239,32): error TS2322: Type '"est"' is not assignable to type '"exact" | "planned" | "estimated"'.
src/hooks/usePayments.ts(57,11): error TS2345: Argument of type 'PostgrestFilterBuilder<any, any, any, any[], "properties", any, "GET">' is not assignable to parameter of type 'readonly any[]'.
  Type 'PostgrestFilterBuilder<any, any, any, any[], "properties", any, "GET">' is missing the following properties from type 'readonly any[]': length, concat, join, slice, and 19 more.
src/hooks/useUserSettings.ts(293,30): error TS2339: Property 'location' does not exist on type 'UserProfile'.
src/integrations/supabase/client.ts(4,15): error TS2305: Module '"./types"' has no exported member 'Database'.
src/integrations/supabase/client.ts(14,14): error TS2304: Cannot find name 'Deno'.
src/integrations/supabase/client.ts(14,43): error TS2304: Cannot find name 'Deno'.
src/lib/supabase/dashboardService.ts(62,41): error TS2339: Property 'count' does not exist on type 'any[]'.
src/lib/supabase/dashboardService.ts(97,30): error TS2339: Property 'name' does not exist on type '{ name: any; email: any; }[]'.
src/lib/supabase/dashboardService.ts(98,31): error TS2339: Property 'email' does not exist on type '{ name: any; email: any; }[]'.
src/pages/auth/RoleSelectionNew.tsx(149,44): error TS2554: Expected 1 arguments, but got 2.
src/pages/portal/manager/ApprovalRequests.tsx(100,42): error TS2551: Property 'firstName' does not exist on type 'UserProfile'. Did you mean 'first_name'?
src/pages/portal/manager/ApprovalRequests.tsx(100,60): error TS2551: Property 'lastName' does not exist on type 'UserProfile'. Did you mean 'last_name'?
src/pages/portal/manager/ApprovalRequests.tsx(103,9): error TS2561: Object literal may only specify known properties, but 'request_data' does not exist in type 'CreateApprovalInput'. Did you mean to write 'request_id'?
src/pages/portal/manager/ApprovalRequests.tsx(171,45): error TS2551: Property 'firstName' does not exist on type 'UserProfile'. Did you mean 'first_name'?
src/pages/portal/manager/ApprovalRequests.tsx(171,63): error TS2551: Property 'lastName' does not exist on type 'UserProfile'. Did you mean 'last_name'?
src/pages/portal/manager/ApprovalRequests.tsx(323,36): error TS2339: Property 'rejection_reason' does not exist on type 'ApprovalRequest'.
src/pages/portal/manager/ApprovalRequests.tsx(326,76): error TS2339: Property 'rejection_reason' does not exist on type 'ApprovalRequest'.
src/pages/portal/PaymentsManagement.tsx(233,33): error TS2339: Property 'status' does not exist on type '{}'.
src/pages/portal/PaymentsManagement.tsx(234,31): error TS2339: Property 'rent' does not exist on type '{}'.
src/pages/portal/PaymentsManagement.tsx(235,87): error TS2339: Property 'penalty_fee' does not exist on type '{}'.
src/pages/portal/PaymentsManagement.tsx(236,85): error TS2339: Property 'total_paid' does not exist on type '{}'.
src/pages/portal/PaymentsManagement.tsx(237,79): error TS2339: Property 'arrears' does not exist on type '{}'.
src/pages/portal/PaymentsManagement.tsx(238,89): error TS2339: Property 'advance_rent' does not exist on type '{}'.
src/pages/portal/PaymentsManagement.tsx(239,82): error TS2339: Property 'transaction_date' does not exist on type '{}'.
src/pages/portal/PaymentsManagement.tsx(240,78): error TS2339: Property 'reference_code' does not exist on type '{}'.
src/pages/portal/PaymentsManagement.tsx(459,37): error TS2339: Property 'penalty_fee' does not exist on type '{}'.
src/pages/portal/PaymentsManagement.tsx(474,37): error TS2339: Property 'total_paid' does not exist on type '{}'.
src/pages/portal/PaymentsManagement.tsx(489,37): error TS2339: Property 'arrears' does not exist on type '{}'.
src/pages/portal/PaymentsManagement.tsx(500,37): error TS2339: Property 'advance_rent' does not exist on type '{}'.
src/pages/portal/PaymentsManagement.tsx(515,37): error TS2339: Property 'transaction_date' does not exist on type '{}'.
src/pages/portal/PaymentsManagement.tsx(529,37): error TS2339: Property 'reference_code' does not exist on type '{}'.
src/pages/portal/SuperAdminUtilitiesManager.tsx(1252,23): error TS2304: Cannot find name 'generateReceiptPDF'.
src/pages/portal/technician/TechnicianDashboard.tsx(234,68): error TS2552: Cannot find name 'getTechnicianName'. Did you mean 'setTechnician'?
src/pages/portal/technician/TechnicianDashboard.tsx(320,24): error TS2304: Cannot find name 'UserCog'.
src/pages/portal/technician/TechnicianDashboard.tsx(330,78): error TS2552: Cannot find name 'getTechnicianName'. Did you mean 'setTechnician'?
src/utils/permissionChecks.ts(107,9): error TS2367: This comparison appears to be unintentional because the types '"tenant" | "property_manager" | "technician" | "proprietor" | "caretaker" | "accountant"' and '"admin"' have no overlap.
src/utils/permissionChecks.ts(181,40): error TS2367: This comparison appears to be unintentional because the types '"tenant" | "property_manager" | "technician" | "proprietor" | "caretaker" | "accountant"' and '"admin"' have no overlap.
src/utils/receiptGenerator.ts(120,12): error TS2304: Cannot find name 'amountStr'.
