src/components/auth/AuthWrapper.tsx(28,26): error TS2367: This comparison appears to be unintentional because the types '"tenant" | "property_manager" | "super_admin" | "owner" | "technician" | "proprietor" | "caretaker" | "accountant"' and '"admin"' have no overlap.
src/components/auth/RegisterForm.tsx(66,9): error TS2353: Object literal may only specify known properties, and 'phone' does not exist in type '{ full_name: string; }'.
src/components/database/MigrationRunner.tsx(136,30): error TS2322: Type '"success" | "destructive"' is not assignable to type '"default" | "destructive" | "outline" | "secondary"'.
  Type '"success"' is not assignable to type '"default" | "destructive" | "outline" | "secondary"'.
src/components/portal/accountant/AccountingDashboard.tsx(446,48): error TS2304: Cannot find name 'handleApprove'.
src/components/portal/accountant/AccountingDashboard.tsx(453,48): error TS2304: Cannot find name 'handleReject'.
src/components/portal/accountant/AccountingDashboard.tsx(463,44): error TS2304: Cannot find name 'handleProcess'.
src/components/portal/caretaker/CaretakerDuties.tsx(732,41): error TS2339: Property 'trim' does not exist on type 'never'.
src/components/portal/caretaker/CaretakerDuties.tsx(736,37): error TS2339: Property 'trim' does not exist on type 'never'.
src/components/portal/caretaker/CaretakerReports.tsx(616,33): error TS2339: Property 'property' does not exist on type 'DutyWithUI'.
src/components/portal/caretaker/CaretakerReports.tsx(618,37): error TS2339: Property 'property' does not exist on type 'DutyWithUI'.
src/components/portal/manager/ManagerApplications.tsx(164,16): error TS2339: Property 'email' does not exist on type '{}'.
src/components/portal/manager/ManagerApplications.tsx(165,16): error TS2339: Property 'first_name' does not exist on type '{}'.
src/components/portal/manager/ManagerApplications.tsx(166,16): error TS2339: Property 'last_name' does not exist on type '{}'.
src/components/portal/manager/ManagerLeases.tsx(156,15): error TS2322: Type 'Element' is not assignable to type 'string'.
src/components/portal/manager/ManagerMessages.tsx(190,21): error TS2322: Type 'Element' is not assignable to type 'string'.
src/components/ProtectedRoute.tsx(67,7): error TS2322: Type '"admin"' is not assignable to type '"tenant" | "property_manager" | "super_admin" | "owner" | "technician" | "proprietor" | "caretaker" | "accountant"'.
src/components/ProtectedRoute.tsx(80,11): error TS2367: This comparison appears to be unintentional because the types '"tenant" | "property_manager" | "super_admin" | "owner" | "technician" | "proprietor" | "caretaker" | "accountant"' and '"admin"' have no overlap.
src/components/ProtectedRoute.tsx(94,7): error TS2322: Type '"admin"' is not assignable to type '"tenant" | "property_manager" | "super_admin" | "owner" | "technician" | "proprietor" | "caretaker" | "accountant"'.
src/components/ProtectedRoute.tsx(103,9): error TS2367: This comparison appears to be unintentional because the types '"tenant" | "property_manager" | "super_admin" | "owner" | "technician" | "proprietor" | "caretaker" | "accountant"' and '"admin"' have no overlap.
src/components/ProtectedRoute.tsx(117,94): error TS2367: This comparison appears to be unintentional because the types '"tenant" | "property_manager" | "super_admin" | "owner" | "technician" | "proprietor" | "caretaker" | "accountant"' and '"admin"' have no overlap.
src/components/ui/alert-dialog.tsx(4,10): error TS2305: Module '"@/components/ui/button"' has no exported member 'buttonVariants'.
src/components/ui/button.tsx(15,9): error TS2769: No overload matches this call.
  The last overload gave the following error.
    Object literal may only specify known properties, and 'className' does not exist in type 'Partial<unknown> & Attributes'.
src/components/ui/calendar.tsx(5,10): error TS2305: Module '"@/components/ui/button"' has no exported member 'buttonVariants'.
src/components/ui/pagination.tsx(4,23): error TS2305: Module '"@/components/ui/button"' has no exported member 'buttonVariants'.
src/hooks/useDashboardAnalytics.tsx(239,32): error TS2322: Type '"est"' is not assignable to type '"exact" | "planned" | "estimated"'.
src/hooks/usePayments.ts(57,11): error TS2345: Argument of type 'PostgrestFilterBuilder<any, any, any, any[], "properties", any, "GET">' is not assignable to parameter of type 'readonly any[]'.
  Type 'PostgrestFilterBuilder<any, any, any, any[], "properties", any, "GET">' is missing the following properties from type 'readonly any[]': length, concat, join, slice, and 19 more.
src/hooks/useUserSettings.ts(293,30): error TS2339: Property 'location' does not exist on type 'UserProfile'.
src/integrations/supabase/client.ts(4,15): error TS2305: Module '"./types"' has no exported member 'Database'.
src/integrations/supabase/client.ts(14,14): error TS2304: Cannot find name 'Deno'.
src/integrations/supabase/client.ts(14,43): error TS2304: Cannot find name 'Deno'.
src/lib/supabase/dashboardService.ts(62,41): error TS2339: Property 'count' does not exist on type 'any[]'.
src/lib/supabase/dashboardService.ts(97,30): error TS2339: Property 'name' does not exist on type '{ name: any; email: any; }[]'.
src/lib/supabase/dashboardService.ts(98,31): error TS2339: Property 'email' does not exist on type '{ name: any; email: any; }[]'.
src/pages/auth/RoleSelectionNew.tsx(149,44): error TS2554: Expected 1 arguments, but got 2.
src/pages/portal/manager/ApprovalRequests.tsx(100,42): error TS2551: Property 'firstName' does not exist on type 'UserProfile'. Did you mean 'first_name'?
src/pages/portal/manager/ApprovalRequests.tsx(100,60): error TS2551: Property 'lastName' does not exist on type 'UserProfile'. Did you mean 'last_name'?
src/pages/portal/manager/ApprovalRequests.tsx(103,9): error TS2561: Object literal may only specify known properties, but 'request_data' does not exist in type 'CreateApprovalInput'. Did you mean to write 'request_id'?
src/pages/portal/manager/ApprovalRequests.tsx(171,45): error TS2551: Property 'firstName' does not exist on type 'UserProfile'. Did you mean 'first_name'?
src/pages/portal/manager/ApprovalRequests.tsx(171,63): error TS2551: Property 'lastName' does not exist on type 'UserProfile'. Did you mean 'last_name'?
src/pages/portal/manager/ApprovalRequests.tsx(323,36): error TS2339: Property 'rejection_reason' does not exist on type 'ApprovalRequest'.
src/pages/portal/manager/ApprovalRequests.tsx(326,76): error TS2339: Property 'rejection_reason' does not exist on type 'ApprovalRequest'.
src/pages/portal/PaymentsManagement.tsx(228,33): error TS2339: Property 'status' does not exist on type '{}'.
src/pages/portal/PaymentsManagement.tsx(229,31): error TS2339: Property 'rent' does not exist on type '{}'.
src/pages/portal/PaymentsManagement.tsx(230,87): error TS2339: Property 'penalty_fee' does not exist on type '{}'.
src/pages/portal/PaymentsManagement.tsx(231,85): error TS2339: Property 'total_paid' does not exist on type '{}'.
src/pages/portal/PaymentsManagement.tsx(232,79): error TS2339: Property 'arrears' does not exist on type '{}'.
src/pages/portal/PaymentsManagement.tsx(233,89): error TS2339: Property 'advance_rent' does not exist on type '{}'.
src/pages/portal/PaymentsManagement.tsx(234,82): error TS2339: Property 'transaction_date' does not exist on type '{}'.
src/pages/portal/PaymentsManagement.tsx(235,78): error TS2339: Property 'reference_code' does not exist on type '{}'.
src/pages/portal/PaymentsManagement.tsx(454,37): error TS2339: Property 'penalty_fee' does not exist on type '{}'.
src/pages/portal/PaymentsManagement.tsx(469,37): error TS2339: Property 'total_paid' does not exist on type '{}'.
src/pages/portal/PaymentsManagement.tsx(484,37): error TS2339: Property 'arrears' does not exist on type '{}'.
src/pages/portal/PaymentsManagement.tsx(495,37): error TS2339: Property 'advance_rent' does not exist on type '{}'.
src/pages/portal/PaymentsManagement.tsx(510,37): error TS2339: Property 'transaction_date' does not exist on type '{}'.
src/pages/portal/PaymentsManagement.tsx(524,37): error TS2339: Property 'reference_code' does not exist on type '{}'.
src/pages/portal/technician/TechnicianDashboard.tsx(234,68): error TS2552: Cannot find name 'getTechnicianName'. Did you mean 'setTechnician'?
src/pages/portal/technician/TechnicianDashboard.tsx(320,24): error TS2304: Cannot find name 'UserCog'.
src/pages/portal/technician/TechnicianDashboard.tsx(330,78): error TS2552: Cannot find name 'getTechnicianName'. Did you mean 'setTechnician'?
src/utils/permissionChecks.ts(107,9): error TS2367: This comparison appears to be unintentional because the types '"tenant" | "property_manager" | "technician" | "proprietor" | "caretaker" | "accountant"' and '"admin"' have no overlap.
src/utils/permissionChecks.ts(181,40): error TS2367: This comparison appears to be unintentional because the types '"tenant" | "property_manager" | "technician" | "proprietor" | "caretaker" | "accountant"' and '"admin"' have no overlap.
